Release 14.4 - xst P.49d (nt64)
Copyright (c) 1995-2012 Xilinx, Inc.  All rights reserved.
--> Parameter TMPDIR set to xst/projnav.tmp


Total REAL time to Xst completion: 1.00 secs
Total CPU time to Xst completion: 0.16 secs
 
--> Parameter xsthdpdir set to xst


Total REAL time to Xst completion: 1.00 secs
Total CPU time to Xst completion: 0.16 secs
 
--> Reading design: Phase2_Execution.prj

TABLE OF CONTENTS
  1) Synthesis Options Summary
  2) HDL Parsing
  3) HDL Elaboration
  4) HDL Synthesis
       4.1) HDL Synthesis Report
  5) Advanced HDL Synthesis
       5.1) Advanced HDL Synthesis Report
  6) Low Level Synthesis
  7) Partition Report
  8) Design Summary
       8.1) Primitive and Black Box Usage
       8.2) Device utilization summary
       8.3) Partition Resource Summary
       8.4) Timing Report
            8.4.1) Clock Information
            8.4.2) Asynchronous Control Signals Information
            8.4.3) Timing Summary
            8.4.4) Timing Details
            8.4.5) Cross Clock Domains Report


=========================================================================
*                      Synthesis Options Summary                        *
=========================================================================
---- Source Parameters
Input File Name                    : "Phase2_Execution.prj"
Ignore Synthesis Constraint File   : NO

---- Target Parameters
Output File Name                   : "Phase2_Execution"
Output Format                      : NGC
Target Device                      : xc7a100t-1-csg324

---- Source Options
Top Module Name                    : Phase2_Execution
Automatic FSM Extraction           : YES
FSM Encoding Algorithm             : Auto
Safe Implementation                : No
FSM Style                          : LUT
RAM Extraction                     : Yes
RAM Style                          : Auto
ROM Extraction                     : Yes
Shift Register Extraction          : YES
ROM Style                          : Auto
Resource Sharing                   : YES
Asynchronous To Synchronous        : NO
Shift Register Minimum Size        : 2
Use DSP Block                      : Auto
Automatic Register Balancing       : No

---- Target Options
LUT Combining                      : Auto
Reduce Control Sets                : Auto
Add IO Buffers                     : YES
Global Maximum Fanout              : 100000
Add Generic Clock Buffer(BUFG)     : 32
Register Duplication               : YES
Optimize Instantiated Primitives   : NO
Use Clock Enable                   : Auto
Use Synchronous Set                : Auto
Use Synchronous Reset              : Auto
Pack IO Registers into IOBs        : Auto
Equivalent register Removal        : YES

---- General Options
Optimization Goal                  : Speed
Optimization Effort                : 1
Power Reduction                    : NO
Keep Hierarchy                     : No
Netlist Hierarchy                  : As_Optimized
RTL Output                         : Yes
Global Optimization                : AllClockNets
Read Cores                         : YES
Write Timing Constraints           : NO
Cross Clock Analysis               : NO
Hierarchy Separator                : /
Bus Delimiter                      : <>
Case Specifier                     : Maintain
Slice Utilization Ratio            : 100
BRAM Utilization Ratio             : 100
DSP48 Utilization Ratio            : 100
Auto BRAM Packing                  : NO
Slice Utilization Ratio Delta      : 5

=========================================================================


=========================================================================
*                          HDL Parsing                                  *
=========================================================================
Parsing VHDL file "D:\TFG\TFG\VHDL\Processor\BrAdder.vhd" into library work
Parsing entity <BrAdder>.
Parsing architecture <Behavioral> of entity <bradder>.
Parsing VHDL file "D:\TFG\TFG\VHDL\Processor\ALU.vhd" into library work
Parsing entity <ALU>.
Parsing architecture <Behavioral> of entity <alu>.
Parsing VHDL file "D:\TFG\TFG\VHDL\Processor\Phase2_Execution.vhd" into library work
Parsing entity <Phase2_Execution>.
Parsing architecture <Behavioral> of entity <phase2_execution>.

=========================================================================
*                            HDL Elaboration                            *
=========================================================================

Elaborating entity <Phase2_Execution> (architecture <Behavioral>) from library <work>.

Elaborating entity <BrAdder> (architecture <Behavioral>) from library <work>.

Elaborating entity <ALU> (architecture <Behavioral>) from library <work>.

=========================================================================
*                           HDL Synthesis                               *
=========================================================================

Synthesizing Unit <Phase2_Execution>.
    Related source file is "D:\TFG\TFG\VHDL\Processor\Phase2_Execution.vhd".
    Found 1-bit register for signal <out_flagsALU_reg>.
    Found 32-bit register for signal <out_busALU_reg>.
    Found 32-bit register for signal <out_busB_reg>.
    Found 4-bit register for signal <out_regW_reg>.
    Found 32-bit register for signal <out_PC_salto_reg>.
    Summary:
	inferred 101 D-type flip-flop(s).
	inferred   1 Multiplexer(s).
Unit <Phase2_Execution> synthesized.

Synthesizing Unit <BrAdder>.
    Related source file is "D:\TFG\TFG\VHDL\Processor\BrAdder.vhd".
    Summary:
Unit <BrAdder> synthesized.

=========================================================================
HDL Synthesis Report

Macro Statistics
# Registers                                            : 5
 1-bit register                                        : 1
 32-bit register                                       : 3
 4-bit register                                        : 1
# Multiplexers                                         : 1
 32-bit 2-to-1 multiplexer                             : 1
# Xors                                                 : 2
 32-bit xor2                                           : 2

=========================================================================

=========================================================================
*                       Advanced HDL Synthesis                          *
=========================================================================


=========================================================================
Advanced HDL Synthesis Report

Macro Statistics
# Registers                                            : 101
 Flip-Flops                                            : 101
# Multiplexers                                         : 1
 32-bit 2-to-1 multiplexer                             : 1
# Xors                                                 : 2
 32-bit xor2                                           : 2

=========================================================================

=========================================================================
*                         Low Level Synthesis                           *
=========================================================================

Optimizing unit <Phase2_Execution> ...

Optimizing unit <BrAdder> ...

Mapping all equations...
Building and optimizing final netlist ...
Found area constraint ratio of 100 (+ 5) on block Phase2_Execution, actual ratio is 0.

Final Macro Processing ...

=========================================================================
Final Register Report

Macro Statistics
# Registers                                            : 101
 Flip-Flops                                            : 101

=========================================================================

=========================================================================
*                           Partition Report                            *
=========================================================================

Partition Implementation Status
-------------------------------

  No Partitions were found in this design.

-------------------------------

=========================================================================
*                            Design Summary                             *
=========================================================================

Top Level Output File Name         : Phase2_Execution.ngc

Primitive and Black Box Usage:
------------------------------
# BELS                             : 77
#      INV                         : 1
#      LUT2                        : 1
#      LUT3                        : 45
#      LUT4                        : 2
#      LUT5                        : 27
#      LUT6                        : 1
# FlipFlops/Latches                : 101
#      FDR_1                       : 101
# Clock Buffers                    : 1
#      BUFGP                       : 1
# IO Buffers                       : 236
#      IBUF                        : 135
#      OBUF                        : 101
# Others                           : 1
#      ALU                         : 1

Device utilization summary:
---------------------------

Selected Device : 7a100tcsg324-1 


Slice Logic Utilization: 
 Number of Slice LUTs:                   77  out of  63400     0%  
    Number used as Logic:                77  out of  63400     0%  

Slice Logic Distribution: 
 Number of LUT Flip Flop pairs used:     77
   Number with an unused Flip Flop:      77  out of     77   100%  
   Number with an unused LUT:             0  out of     77     0%  
   Number of fully used LUT-FF pairs:     0  out of     77     0%  
   Number of unique control sets:         1

IO Utilization: 
 Number of IOs:                         237
 Number of bonded IOBs:                 237  out of    210   112% (*) 
    IOB Flip Flops/Latches:             101

Specific Feature Utilization:
 Number of BUFG/BUFGCTRLs:                1  out of     32     3%  

WARNING:Xst:1336 -  (*) More than 100% of Device resources are used

---------------------------
Partition Resource Summary:
---------------------------

  No Partitions were found in this design.

---------------------------


=========================================================================
Timing Report

NOTE: THESE TIMING NUMBERS ARE ONLY A SYNTHESIS ESTIMATE.
      FOR ACCURATE TIMING INFORMATION PLEASE REFER TO THE TRACE REPORT
      GENERATED AFTER PLACE-and-ROUTE.

Clock Information:
------------------
-----------------------------------+------------------------+-------+
Clock Signal                       | Clock buffer(FF name)  | Load  |
-----------------------------------+------------------------+-------+
clk                                | BUFGP                  | 101   |
-----------------------------------+------------------------+-------+

Asynchronous Control Signals Information:
----------------------------------------
No asynchronous control signals found in this design

Timing Summary:
---------------
Speed Grade: -1

   Minimum period: No path found
   Minimum input arrival time before clock: 10.365ns
   Maximum output required time after clock: 0.883ns
   Maximum combinational path delay: 0.994ns

Timing Details:
---------------
All values displayed in nanoseconds (ns)

=========================================================================
Timing constraint: Default OFFSET IN BEFORE for Clock 'clk'
  Total number of paths / destination ports: 1102 / 202
-------------------------------------------------------------------------
Offset:              10.365ns (Levels of Logic = 16)
  Source:            in_PC<3> (PAD)
  Destination:       out_PC_salto_reg_31 (FF)
  Destination Clock: clk falling

  Data Path: in_PC<3> to out_PC_salto_reg_31
                                Gate     Net
    Cell:in->out      fanout   Delay   Delay  Logical Name (Net Name)
    ----------------------------------------  ------------
     IBUF:I->O             3   0.001   0.790  in_PC_3_IBUF (in_PC_3_IBUF)
     LUT4:I0->O            2   0.124   0.542  i_BrAdder/Mxor_out_res_4_xo<0>21 (i_BrAdder/Mxor_out_res_4_xo<0>2)
     LUT5:I3->O            3   0.124   0.550  i_BrAdder/Mxor_out_res_6_xo<0>11 (i_BrAdder/Mxor_out_res_6_xo<0>1)
     LUT5:I3->O            3   0.124   0.550  i_BrAdder/Mxor_out_res_8_xo<0>11 (i_BrAdder/Mxor_out_res_8_xo<0>1)
     LUT5:I3->O            3   0.124   0.550  i_BrAdder/Mxor_out_res_10_xo<0>11 (i_BrAdder/Mxor_out_res_10_xo<0>1)
     LUT5:I3->O            3   0.124   0.550  i_BrAdder/Mxor_out_res_12_xo<0>11 (i_BrAdder/Mxor_out_res_12_xo<0>1)
     LUT5:I3->O            3   0.124   0.550  i_BrAdder/Mxor_out_res_14_xo<0>11 (i_BrAdder/Mxor_out_res_14_xo<0>1)
     LUT5:I3->O            3   0.124   0.550  i_BrAdder/Mxor_out_res_16_xo<0>11 (i_BrAdder/Mxor_out_res_16_xo<0>1)
     LUT5:I3->O            3   0.124   0.550  i_BrAdder/Mxor_out_res_18_xo<0>11 (i_BrAdder/Mxor_out_res_18_xo<0>1)
     LUT5:I3->O            3   0.124   0.550  i_BrAdder/Mxor_out_res_20_xo<0>11 (i_BrAdder/Mxor_out_res_20_xo<0>1)
     LUT5:I3->O            3   0.124   0.550  i_BrAdder/Mxor_out_res_22_xo<0>11 (i_BrAdder/Mxor_out_res_22_xo<0>1)
     LUT5:I3->O            3   0.124   0.550  i_BrAdder/Mxor_out_res_24_xo<0>11 (i_BrAdder/Mxor_out_res_24_xo<0>1)
     LUT5:I3->O            3   0.124   0.550  i_BrAdder/Mxor_out_res_26_xo<0>11 (i_BrAdder/Mxor_out_res_26_xo<0>1)
     LUT5:I3->O            3   0.124   0.550  i_BrAdder/Mxor_out_res_28_xo<0>11 (i_BrAdder/Mxor_out_res_28_xo<0>1)
     LUT5:I3->O            2   0.124   0.542  i_BrAdder/Mxor_out_res_30_xo<0>11 (i_BrAdder/Mxor_out_res_30_xo<0>1)
     LUT5:I3->O            1   0.124   0.000  i_BrAdder/Mxor_out_res_31_xo<0>1 (s_PC_dir_salto<31>)
     FDR_1:D                   0.030          out_PC_salto_reg_31
    ----------------------------------------
    Total                     10.365ns (1.891ns logic, 8.474ns route)
                                       (18.2% logic, 81.8% route)

=========================================================================
Timing constraint: Default OFFSET OUT AFTER for Clock 'clk'
  Total number of paths / destination ports: 101 / 101
-------------------------------------------------------------------------
Offset:              0.883ns (Levels of Logic = 1)
  Source:            out_PC_salto_reg_31 (FF)
  Destination:       out_PC_salto_reg<31> (PAD)
  Source Clock:      clk falling

  Data Path: out_PC_salto_reg_31 to out_PC_salto_reg<31>
                                Gate     Net
    Cell:in->out      fanout   Delay   Delay  Logical Name (Net Name)
    ----------------------------------------  ------------
     FDR_1:C->Q            1   0.484   0.399  out_PC_salto_reg_31 (out_PC_salto_reg_31)
     OBUF:I->O                 0.000          out_PC_salto_reg_31_OBUF (out_PC_salto_reg<31>)
    ----------------------------------------
    Total                      0.883ns (0.484ns logic, 0.399ns route)
                                       (54.8% logic, 45.2% route)

=========================================================================
Timing constraint: Default path analysis
  Total number of paths / destination ports: 129 / 65
-------------------------------------------------------------------------
Delay:               0.994ns (Levels of Logic = 2)
  Source:            in_ctr_mux_ALUB (PAD)
  Destination:       i_ALU:in_BusB<31> (PAD)

  Data Path: in_ctr_mux_ALUB to i_ALU:in_BusB<31>
                                Gate     Net
    Cell:in->out      fanout   Delay   Delay  Logical Name (Net Name)
    ----------------------------------------  ------------
     IBUF:I->O            32   0.001   0.869  in_ctr_mux_ALUB_IBUF (in_ctr_mux_ALUB_IBUF)
     LUT3:I0->O            0   0.124   0.000  Mmux_s_ALU_busB321 (s_ALU_busB<9>)
    ALU:in_BusB<9>             0.000          i_ALU
    ----------------------------------------
    Total                      0.994ns (0.125ns logic, 0.869ns route)
                                       (12.6% logic, 87.4% route)

=========================================================================

Cross Clock Domains Report:
--------------------------

=========================================================================


Total REAL time to Xst completion: 13.00 secs
Total CPU time to Xst completion: 12.23 secs
 
--> 

Total memory usage is 445252 kilobytes

Number of errors   :    0 (   0 filtered)
Number of warnings :    1 (   0 filtered)
Number of infos    :    0 (   0 filtered)

