Release 14.4 - xst P.49d (nt64)
Copyright (c) 1995-2012 Xilinx, Inc.  All rights reserved.
--> Parameter TMPDIR set to xst/projnav.tmp


Total REAL time to Xst completion: 0.00 secs
Total CPU time to Xst completion: 0.20 secs
 
--> Parameter xsthdpdir set to xst


Total REAL time to Xst completion: 0.00 secs
Total CPU time to Xst completion: 0.20 secs
 
--> Reading design: Phase1_Decodification.prj

TABLE OF CONTENTS
  1) Synthesis Options Summary
  2) HDL Parsing
  3) HDL Elaboration
  4) HDL Synthesis
       4.1) HDL Synthesis Report
  5) Advanced HDL Synthesis
       5.1) Advanced HDL Synthesis Report
  6) Low Level Synthesis
  7) Partition Report
  8) Design Summary
       8.1) Primitive and Black Box Usage
       8.2) Device utilization summary
       8.3) Partition Resource Summary
       8.4) Timing Report
            8.4.1) Clock Information
            8.4.2) Asynchronous Control Signals Information
            8.4.3) Timing Summary
            8.4.4) Timing Details
            8.4.5) Cross Clock Domains Report


=========================================================================
*                      Synthesis Options Summary                        *
=========================================================================
---- Source Parameters
Input File Name                    : "Phase1_Decodification.prj"
Ignore Synthesis Constraint File   : NO

---- Target Parameters
Output File Name                   : "Phase1_Decodification"
Output Format                      : NGC
Target Device                      : xc7a100t-1-csg324

---- Source Options
Top Module Name                    : Phase1_Decodification
Automatic FSM Extraction           : YES
FSM Encoding Algorithm             : Auto
Safe Implementation                : No
FSM Style                          : LUT
RAM Extraction                     : Yes
RAM Style                          : Auto
ROM Extraction                     : Yes
Shift Register Extraction          : YES
ROM Style                          : Auto
Resource Sharing                   : YES
Asynchronous To Synchronous        : NO
Shift Register Minimum Size        : 2
Use DSP Block                      : Auto
Automatic Register Balancing       : No

---- Target Options
LUT Combining                      : Auto
Reduce Control Sets                : Auto
Add IO Buffers                     : YES
Global Maximum Fanout              : 100000
Add Generic Clock Buffer(BUFG)     : 32
Register Duplication               : YES
Optimize Instantiated Primitives   : NO
Use Clock Enable                   : Auto
Use Synchronous Set                : Auto
Use Synchronous Reset              : Auto
Pack IO Registers into IOBs        : Auto
Equivalent register Removal        : YES

---- General Options
Optimization Goal                  : Speed
Optimization Effort                : 1
Power Reduction                    : NO
Keep Hierarchy                     : No
Netlist Hierarchy                  : As_Optimized
RTL Output                         : Yes
Global Optimization                : AllClockNets
Read Cores                         : YES
Write Timing Constraints           : NO
Cross Clock Analysis               : NO
Hierarchy Separator                : /
Bus Delimiter                      : <>
Case Specifier                     : Maintain
Slice Utilization Ratio            : 100
BRAM Utilization Ratio             : 100
DSP48 Utilization Ratio            : 100
Auto BRAM Packing                  : NO
Slice Utilization Ratio Delta      : 5

=========================================================================


=========================================================================
*                          HDL Parsing                                  *
=========================================================================
Parsing VHDL file "D:\TFG\TFG\VHDL\Processor\RegisterBank.vhd" into library work
Parsing entity <RegisterBank>.
Parsing architecture <Behavioral> of entity <registerbank>.
Parsing VHDL file "D:\TFG\TFG\VHDL\Processor\Phase1_Decodification.vhd" into library work
Parsing entity <Phase1_Decodification>.
Parsing architecture <Behavioral> of entity <phase1_decodification>.

=========================================================================
*                            HDL Elaboration                            *
=========================================================================

Elaborating entity <Phase1_Decodification> (architecture <Behavioral>) from library <work>.

Elaborating entity <RegisterBank> (architecture <Behavioral>) from library <work>.

=========================================================================
*                           HDL Synthesis                               *
=========================================================================

Synthesizing Unit <Phase1_Decodification>.
    Related source file is "D:\TFG\TFG\VHDL\Processor\Phase1_Decodification.vhd".
WARNING:Xst:647 - Input <in_instruction<21:20>> is never used. This port will be preserved and left unconnected if it belongs to a top-level block or it belongs to a sub-block and the hierarchy of this sub-block is preserved.
WARNING:Xst:647 - Input <in_instruction<23:23>> is never used. This port will be preserved and left unconnected if it belongs to a top-level block or it belongs to a sub-block and the hierarchy of this sub-block is preserved.
WARNING:Xst:647 - Input <in_instruction<31:27>> is never used. This port will be preserved and left unconnected if it belongs to a top-level block or it belongs to a sub-block and the hierarchy of this sub-block is preserved.
    Found 32-bit register for signal <out_busA_reg>.
    Found 32-bit register for signal <out_busB_reg>.
    Found 4-bit register for signal <out_regW0_reg>.
    Found 4-bit register for signal <out_regW1_reg>.
    Found 32-bit register for signal <out_integer_reg>.
    Found 32-bit register for signal <out_pc_reg>.
    Summary:
	inferred 136 D-type flip-flop(s).
	inferred   4 Multiplexer(s).
Unit <Phase1_Decodification> synthesized.

=========================================================================
HDL Synthesis Report

Macro Statistics
# Registers                                            : 6
 32-bit register                                       : 4
 4-bit register                                        : 2
# Multiplexers                                         : 4
 1-bit 2-to-1 multiplexer                              : 4

=========================================================================

=========================================================================
*                       Advanced HDL Synthesis                          *
=========================================================================


=========================================================================
Advanced HDL Synthesis Report

Macro Statistics
# Registers                                            : 136
 Flip-Flops                                            : 136
# Multiplexers                                         : 4
 1-bit 2-to-1 multiplexer                              : 4

=========================================================================

=========================================================================
*                         Low Level Synthesis                           *
=========================================================================
INFO:Xst:2261 - The FF/Latch <out_regW1_reg_2> in Unit <Phase1_Decodification> is equivalent to the following FF/Latch, which will be removed : <out_integer_reg_10> 
INFO:Xst:2261 - The FF/Latch <out_regW1_reg_1> in Unit <Phase1_Decodification> is equivalent to the following FF/Latch, which will be removed : <out_integer_reg_9> 
INFO:Xst:2261 - The FF/Latch <out_regW1_reg_0> in Unit <Phase1_Decodification> is equivalent to the following FF/Latch, which will be removed : <out_integer_reg_8> 
INFO:Xst:2261 - The FF/Latch <out_integer_reg_15> in Unit <Phase1_Decodification> is equivalent to the following 16 FFs/Latches, which will be removed : <out_integer_reg_16> <out_integer_reg_17> <out_integer_reg_18> <out_integer_reg_19> <out_integer_reg_20> <out_integer_reg_21> <out_integer_reg_22> <out_integer_reg_23> <out_integer_reg_24> <out_integer_reg_25> <out_integer_reg_26> <out_integer_reg_27> <out_integer_reg_28> <out_integer_reg_29> <out_integer_reg_30> <out_integer_reg_31> 

Optimizing unit <Phase1_Decodification> ...

Mapping all equations...
Building and optimizing final netlist ...
Found area constraint ratio of 100 (+ 5) on block Phase1_Decodification, actual ratio is 0.
FlipFlop out_regW1_reg_2 has been replicated 1 time(s) to handle iob=true attribute.
FlipFlop out_regW1_reg_1 has been replicated 1 time(s) to handle iob=true attribute.
FlipFlop out_regW1_reg_0 has been replicated 1 time(s) to handle iob=true attribute.
FlipFlop out_integer_reg_15 has been replicated 16 time(s) to handle iob=true attribute.

Final Macro Processing ...

=========================================================================
Final Register Report

Macro Statistics
# Registers                                            : 136
 Flip-Flops                                            : 136

=========================================================================

=========================================================================
*                           Partition Report                            *
=========================================================================

Partition Implementation Status
-------------------------------

  No Partitions were found in this design.

-------------------------------

=========================================================================
*                            Design Summary                             *
=========================================================================

Top Level Output File Name         : Phase1_Decodification.ngc

Primitive and Black Box Usage:
------------------------------
# BELS                             : 5
#      INV                         : 1
#      LUT5                        : 4
# FlipFlops/Latches                : 136
#      FDR_1                       : 136
# Clock Buffers                    : 1
#      BUFGP                       : 1
# IO Buffers                       : 230
#      IBUF                        : 94
#      OBUF                        : 136
# Others                           : 1
#      RegisterBank                : 1

Device utilization summary:
---------------------------

Selected Device : 7a100tcsg324-1 


Slice Logic Utilization: 
 Number of Slice LUTs:                    5  out of  63400     0%  
    Number used as Logic:                 5  out of  63400     0%  

Slice Logic Distribution: 
 Number of LUT Flip Flop pairs used:      5
   Number with an unused Flip Flop:       5  out of      5   100%  
   Number with an unused LUT:             0  out of      5     0%  
   Number of fully used LUT-FF pairs:     0  out of      5     0%  
   Number of unique control sets:         1

IO Utilization: 
 Number of IOs:                         239
 Number of bonded IOBs:                 231  out of    210   110% (*) 
    IOB Flip Flops/Latches:             136

Specific Feature Utilization:
 Number of BUFG/BUFGCTRLs:                1  out of     32     3%  

WARNING:Xst:1336 -  (*) More than 100% of Device resources are used

---------------------------
Partition Resource Summary:
---------------------------

  No Partitions were found in this design.

---------------------------


=========================================================================
Timing Report

NOTE: THESE TIMING NUMBERS ARE ONLY A SYNTHESIS ESTIMATE.
      FOR ACCURATE TIMING INFORMATION PLEASE REFER TO THE TRACE REPORT
      GENERATED AFTER PLACE-and-ROUTE.

Clock Information:
------------------
-----------------------------------+------------------------+-------+
Clock Signal                       | Clock buffer(FF name)  | Load  |
-----------------------------------+------------------------+-------+
clk                                | BUFGP                  | 136   |
-----------------------------------+------------------------+-------+

Asynchronous Control Signals Information:
----------------------------------------
No asynchronous control signals found in this design

Timing Summary:
---------------
Speed Grade: -1

   Minimum period: No path found
   Minimum input arrival time before clock: 1.614ns
   Maximum output required time after clock: 0.883ns
   Maximum combinational path delay: 0.400ns

Timing Details:
---------------
All values displayed in nanoseconds (ns)

=========================================================================
Timing constraint: Default OFFSET IN BEFORE for Clock 'clk'
  Total number of paths / destination ports: 352 / 272
-------------------------------------------------------------------------
Offset:              1.614ns (Levels of Logic = 2)
  Source:            rst (PAD)
  Destination:       out_pc_reg_0 (FF)
  Destination Clock: clk falling

  Data Path: rst to out_pc_reg_0
                                Gate     Net
    Cell:in->out      fanout   Delay   Delay  Logical Name (Net Name)
    ----------------------------------------  ------------
     IBUF:I->O             1   0.001   0.399  rst_IBUF (rst_IBUF)
     INV:I->O            136   0.146   0.574  rst_inv1_INV_0 (rst_inv)
     FDR_1:R                   0.494          out_pc_reg_0
    ----------------------------------------
    Total                      1.614ns (0.641ns logic, 0.973ns route)
                                       (39.7% logic, 60.3% route)

=========================================================================
Timing constraint: Default OFFSET OUT AFTER for Clock 'clk'
  Total number of paths / destination ports: 136 / 136
-------------------------------------------------------------------------
Offset:              0.883ns (Levels of Logic = 1)
  Source:            out_pc_reg_31 (FF)
  Destination:       out_pc_reg<31> (PAD)
  Source Clock:      clk falling

  Data Path: out_pc_reg_31 to out_pc_reg<31>
                                Gate     Net
    Cell:in->out      fanout   Delay   Delay  Logical Name (Net Name)
    ----------------------------------------  ------------
     FDR_1:C->Q            1   0.484   0.399  out_pc_reg_31 (out_pc_reg_31)
     OBUF:I->O                 0.000          out_pc_reg_31_OBUF (out_pc_reg<31>)
    ----------------------------------------
    Total                      0.883ns (0.484ns logic, 0.399ns route)
                                       (54.8% logic, 45.2% route)

=========================================================================
Timing constraint: Default path analysis
  Total number of paths / destination ports: 45 / 45
-------------------------------------------------------------------------
Delay:               0.400ns (Levels of Logic = 1)
  Source:            in_instruction<19> (PAD)
  Destination:       i_RegisterBank:in_regA<3> (PAD)

  Data Path: in_instruction<19> to i_RegisterBank:in_regA<3>
                                Gate     Net
    Cell:in->out      fanout   Delay   Delay  Logical Name (Net Name)
    ----------------------------------------  ------------
     IBUF:I->O             1   0.001   0.399  in_instruction_19_IBUF (in_instruction_19_IBUF)
    RegisterBank:in_regA<3>        0.000          i_RegisterBank
    ----------------------------------------
    Total                      0.400ns (0.001ns logic, 0.399ns route)
                                       (0.2% logic, 99.8% route)

=========================================================================

Cross Clock Domains Report:
--------------------------

=========================================================================


Total REAL time to Xst completion: 14.00 secs
Total CPU time to Xst completion: 13.68 secs
 
--> 

Total memory usage is 445252 kilobytes

Number of errors   :    0 (   0 filtered)
Number of warnings :    4 (   0 filtered)
Number of infos    :    4 (   0 filtered)

